Looking for a KICKR. Wake it, and close the phone app first.
Ignoring iPhone sbroenne 17.
Found Wahoo KICKR 2A93 at -58 dBm. Connecting.
Found the standard control channel.
Found the status channel.
Found the speed channel.
Found the Wahoo gear channel.
Connected and listening.
Trainer handed over control.

== Wheel size range probe ==
Reference reset to 2070 mm between every probe.
  5000.0 mm confirmed in 149 ms
  5025.0 mm confirmed in 179 ms
  5050.0 mm confirmed in 61 ms
  5075.0 mm confirmed in 210 ms
  5100.0 mm confirmed in 178 ms
  5125.0 mm confirmed in 239 ms
  5150.0 mm confirmed in 88 ms
  5175.0 mm confirmed in 180 ms
  5200.0 mm confirmed in 90 ms
  5225.0 mm confirmed in 90 ms
  5250.0 mm confirmed in 180 ms
  5275.0 mm confirmed in 120 ms
  5300.0 mm confirmed in 210 ms
  5325.0 mm confirmed in 90 ms
  5350.0 mm confirmed in 121 ms

== Result ==
Confirmed: 5000.0, 5025.0, 5050.0, 5075.0, 5100.0, 5125.0, 5150.0, 5175.0, 5200.0, 5225.0, 5250.0, 5275.0, 5300.0, 5325.0, 5350.0
Refused: none

== Putting the wheel size back ==
Wheel size back to 2070 mm. The trainer is as it was.

Done. Full log in /tmp/kickr-probe.log
kickr-probe finished.
