Pretending to be a trainer called "AppTap".
Pair this Mac in your riding app, then ride for a few minutes.
Quit the riding app when you are done and the findings appear here.
It also stops on its own after 30 minutes.

A riding app connected. Timing starts now.
    0.0s  listening to the bike data: speed, cadence and power
    0.2s  listening to the control point, where commands arrive
    0.4s  listening to the status channel
    0.4s  0x00 request control
    1.0s  sent 30 km/h, 85 rpm, 200 W
    2.0s  sent 30 km/h, 85 rpm, 200 W
    3.0s  sent 30 km/h, 85 rpm, 200 W

=== What the riding app did ===
Watched for 1608 seconds.
Sent 1608 updates of speed, cadence and power.

  0x00 sent 1 time
  0x11 sent 1 time

The riding app never set a wheel size.
So the machinery for a wheel size changing mid-ride was not needed here.

=== Anything unusual ===
Nothing unusual. It behaved the way the spec describes.
app-tap finished
