Pretending to be a trainer called "AppTap".
Pair this Mac in your riding app, then ride for a few minutes.
Quit the riding app when you are done and the findings appear here.
It also stops on its own after 40 minutes.

A riding app connected. Timing starts now.
    1.7s  0x00 request control
    1.8s  0x01 reset
    1.8s  ! sent a reset, which puts a trainer back to its defaults - including the wheel size Virtual Gears shifts with.
    1.9s  0x00 request control
    1.9s  ! asked for control again, 2 times in all. A trainer that refuses a repeat request can lock the riding app out for the rest of the ride.
    2.0s  0x07 start or resume
  104.9s  (50 terrain updates so far)
  154.8s  (100 terrain updates so far)
  260.3s  the riding app went away. Reporting shortly.

=== What the riding app did ===
Watched for 281 seconds.

  0x00 sent 2 times
  0x01 sent 1 time
  0x07 sent 1 time
  0x11 sent 147 times

The riding app never set a wheel size.
So the machinery for a wheel size changing mid-ride was not needed here.

=== Anything unusual ===
  at 1.8s: sent a reset, which puts a trainer back to its defaults - including the wheel size Virtual Gears shifts with.
  at 1.9s: asked for control again, 2 times in all. A trainer that refuses a repeat request can lock the riding app out for the rest of the ride.
app-tap finished
