Scanning for a Zwift Click. Wake it by pressing a button.
Found Zwift Click at -67 dBm. Connecting.

Connected. Every packet from the Click is printed below.

Do this, pausing a second between each:
  1. One firm press of + , exactly as you would on the bike.
  2. Three quick taps of + .
  3. Press and hold + for about two seconds.

Press Control-C when you are done.

   time    since last  packet
   ----    ----------  ------
  2.431s          -  other message type 0x19   [19 10 64]
  7.411s +  4980 ms  other message type 0x19   [19 10 64]
 12.390s +  4979 ms  other message type 0x19   [19 10 64]
 17.371s +  4981 ms  other message type 0x19   [19 10 64]
 22.350s +  4979 ms  other message type 0x19   [19 10 64]
 27.331s +  4981 ms  other message type 0x19   [19 10 64]
 32.311s +  4980 ms  other message type 0x19   [19 10 64]
 33.422s +  1110 ms  + PRESSED   [37 08 00 10 01]
 33.541s +   119 ms  buttons unchanged (+:1 -:0)   [37 08 00 10 01]
 33.631s +    90 ms  + RELEASED after 210 ms   [37 08 01 10 01]
 33.750s +   119 ms  buttons unchanged (+:0 -:0)   [37 08 01 10 01]
 33.872s +   122 ms  buttons unchanged (+:0 -:0)   [37 08 01 10 01]
 33.960s +    88 ms  buttons unchanged (+:0 -:0)   [37 08 01 10 01]
 34.081s +   120 ms  buttons unchanged (+:0 -:0)   [37 08 01 10 01]
 34.170s +    90 ms  buttons unchanged (+:0 -:0)   [37 08 01 10 01]
 34.291s +   121 ms  buttons unchanged (+:0 -:0)   [37 08 01 10 01]
 34.381s +    90 ms  buttons unchanged (+:0 -:0)   [37 08 01 10 01]
 34.501s +   119 ms  buttons unchanged (+:0 -:0)   [37 08 01 10 01]
 34.621s +   121 ms  buttons unchanged (+:0 -:0)   [37 08 01 10 01]
 37.291s +  2669 ms  other message type 0x19   [19 10 64]
 42.271s +  4981 ms  other message type 0x19   [19 10 64]
 42.751s +   479 ms  + PRESSED   [37 08 00 10 01]
 42.843s +    92 ms  buttons unchanged (+:1 -:0)   [37 08 00 10 01]
 42.962s +   119 ms  buttons unchanged (+:1 -:0)   [37 08 00 10 01]
 43.082s +   120 ms  buttons unchanged (+:1 -:0)   [37 08 00 10 01]
 43.171s +    90 ms  buttons unchanged (+:1 -:0)   [37 08 00 10 01]
 43.292s +   120 ms  buttons unchanged (+:1 -:0)   [37 08 00 10 01]
 43.382s +    90 ms  buttons unchanged (+:1 -:0)   [37 08 00 10 01]
 43.532s +   150 ms  buttons unchanged (+:1 -:0)   [37 08 00 10 01]
 43.591s +    59 ms  buttons unchanged (+:1 -:0)   [37 08 00 10 01]
 43.712s +   121 ms  buttons unchanged (+:1 -:0)   [37 08 00 10 01]
 43.832s +   120 ms  buttons unchanged (+:1 -:0)   [37 08 00 10 01]
 43.921s +    90 ms  buttons unchanged (+:1 -:0)   [37 08 00 10 01]
 44.044s +   123 ms  buttons unchanged (+:1 -:0)   [37 08 00 10 01]
 44.132s +    88 ms  buttons unchanged (+:1 -:0)   [37 08 00 10 01]
 44.251s +   120 ms  buttons unchanged (+:1 -:0)   [37 08 00 10 01]
 44.341s +    90 ms  + RELEASED after 1591 ms   [37 08 01 10 01]
 44.462s +   120 ms  buttons unchanged (+:0 -:0)   [37 08 01 10 01]
 44.582s +   120 ms  buttons unchanged (+:0 -:0)   [37 08 01 10 01]
 44.671s +    90 ms  buttons unchanged (+:0 -:0)   [37 08 01 10 01]
 44.791s +   119 ms  buttons unchanged (+:0 -:0)   [37 08 01 10 01]
 44.881s +    90 ms  buttons unchanged (+:0 -:0)   [37 08 01 10 01]
 45.001s +   120 ms  buttons unchanged (+:0 -:0)   [37 08 01 10 01]
 45.091s +    90 ms  buttons unchanged (+:0 -:0)   [37 08 01 10 01]
 45.214s +   123 ms  buttons unchanged (+:0 -:0)   [37 08 01 10 01]
 46.532s +  1318 ms  + PRESSED   [37 08 00 10 01]
 46.652s +   120 ms  buttons unchanged (+:1 -:0)   [37 08 00 10 01]
 46.741s +    89 ms  + RELEASED after 210 ms   [37 08 01 10 01]
 46.861s +   119 ms  buttons unchanged (+:0 -:0)   [37 08 01 10 01]
 46.981s +   120 ms  + PRESSED   [37 08 00 10 01]
 47.070s +    90 ms  buttons unchanged (+:1 -:0)   [37 08 00 10 01]
 47.192s +   121 ms  + RELEASED after 211 ms   [37 08 01 10 01]
 47.252s +    60 ms  other message type 0x19   [19 10 64]
 47.281s +    29 ms  buttons unchanged (+:0 -:0)   [37 08 01 10 01]
 47.401s +   121 ms  + PRESSED   [37 08 00 10 01]
 47.522s +   120 ms  buttons unchanged (+:1 -:0)   [37 08 00 10 01]
 47.611s +    89 ms  + RELEASED after 209 ms   [37 08 01 10 01]
 47.732s +   121 ms  buttons unchanged (+:0 -:0)   [37 08 01 10 01]
 47.822s +    90 ms  buttons unchanged (+:0 -:0)   [37 08 01 10 01]
 47.942s +   120 ms  buttons unchanged (+:0 -:0)   [37 08 01 10 01]
 48.032s +    90 ms  buttons unchanged (+:0 -:0)   [37 08 01 10 01]
 48.152s +   120 ms  buttons unchanged (+:0 -:0)   [37 08 01 10 01]
 48.271s +   120 ms  buttons unchanged (+:0 -:0)   [37 08 01 10 01]
 48.362s +    90 ms  buttons unchanged (+:0 -:0)   [37 08 01 10 01]
 48.511s +   149 ms  buttons unchanged (+:0 -:0)   [37 08 01 10 01]
 48.570s +    60 ms  buttons unchanged (+:0 -:0)   [37 08 01 10 01]
 50.101s +  1531 ms  + PRESSED   [37 08 00 10 01]
 50.191s +    90 ms  buttons unchanged (+:1 -:0)   [37 08 00 10 01]
 50.310s +   120 ms  buttons unchanged (+:1 -:0)   [37 08 00 10 01]
 50.432s +   121 ms  buttons unchanged (+:1 -:0)   [37 08 00 10 01]
 50.522s +    90 ms  buttons unchanged (+:1 -:0)   [37 08 00 10 01]
 50.640s +   119 ms  buttons unchanged (+:1 -:0)   [37 08 00 10 01]
 50.731s +    90 ms  buttons unchanged (+:1 -:0)   [37 08 00 10 01]
 50.851s +   120 ms  buttons unchanged (+:1 -:0)   [37 08 00 10 01]
 50.944s +    93 ms  buttons unchanged (+:1 -:0)   [37 08 00 10 01]
 51.062s +   118 ms  buttons unchanged (+:1 -:0)   [37 08 00 10 01]
 51.181s +   120 ms  buttons unchanged (+:1 -:0)   [37 08 00 10 01]
 51.271s +    90 ms  buttons unchanged (+:1 -:0)   [37 08 00 10 01]
 51.392s +   120 ms  buttons unchanged (+:1 -:0)   [37 08 00 10 01]
 51.484s +    92 ms  buttons unchanged (+:1 -:0)   [37 08 00 10 01]
 51.601s +   117 ms  buttons unchanged (+:1 -:0)   [37 08 00 10 01]
 51.692s +    91 ms  buttons unchanged (+:1 -:0)   [37 08 00 10 01]
 51.814s +   122 ms  buttons unchanged (+:1 -:0)   [37 08 00 10 01]
 51.931s +   117 ms  buttons unchanged (+:1 -:0)   [37 08 00 10 01]
 52.021s +    90 ms  + RELEASED after 1920 ms   [37 08 01 10 01]
 52.142s +   121 ms  buttons unchanged (+:0 -:0)   [37 08 01 10 01]
 52.280s +   138 ms  other message type 0x19   [19 10 64]
 52.281s +     1 ms  buttons unchanged (+:0 -:0)   [37 08 01 10 01]
 52.351s +    70 ms  buttons unchanged (+:0 -:0)   [37 08 01 10 01]
 52.443s +    91 ms  buttons unchanged (+:0 -:0)   [37 08 01 10 01]
 52.561s +   118 ms  buttons unchanged (+:0 -:0)   [37 08 01 10 01]
 52.651s +    90 ms  buttons unchanged (+:0 -:0)   [37 08 01 10 01]
 52.771s +   120 ms  buttons unchanged (+:0 -:0)   [37 08 01 10 01]
 52.891s +   120 ms  buttons unchanged (+:0 -:0)   [37 08 01 10 01]
 52.984s +    93 ms  buttons unchanged (+:0 -:0)   [37 08 01 10 01]
 57.241s +  4256 ms  other message type 0x19   [19 10 64]
 62.191s +  4950 ms  other message type 0x19   [19 10 64]
 67.172s +  4981 ms  other message type 0x19   [19 10 64]
 72.151s +  4979 ms  other message type 0x19   [19 10 64]
 77.132s +  4981 ms  other message type 0x19   [19 10 64]
 82.111s +  4979 ms  other message type 0x19   [19 10 64]
 87.091s +  4980 ms  other message type 0x19   [19 10 64]
 92.073s +  4982 ms  other message type 0x19   [19 10 64]
 97.051s +  4978 ms  other message type 0x19   [19 10 64]
102.031s +  4980 ms  other message type 0x19   [19 10 64]
107.012s +  4981 ms  other message type 0x19   [19 10 64]
111.992s +  4980 ms  other message type 0x19   [19 10 64]
116.972s +  4979 ms  other message type 0x19   [19 10 64]
121.952s +  4980 ms  other message type 0x19   [19 10 64]
126.932s +  4980 ms  other message type 0x19   [19 10 64]
131.912s +  4980 ms  other message type 0x19   [19 10 64]
136.892s +  4980 ms  other message type 0x19   [19 10 64]
141.873s +  4981 ms  other message type 0x19   [19 10 64]
146.852s +  4979 ms  other message type 0x19   [19 10 64]
151.832s +  4980 ms  other message type 0x19   [19 10 64]
156.813s +  4981 ms  other message type 0x19   [19 10 64]
161.792s +  4979 ms  other message type 0x19   [19 10 64]
166.772s +  4980 ms  other message type 0x19   [19 10 64]
